INFO:root:Scraper script started.
INFO:root:Scraper Runner started.
INFO:root:Scraping started...
INFO:root:Found 30 job listings.
INFO:root:Job added: Actuarial Analyst at MetLife
INFO:root:Job added: Manager Actuarial Services (Risk Adjustment) at Kaiser Permanente
INFO:root:Job added: Senior Actuarial Analyst at AIG
INFO:root:Job added: Senior Actuarial Analyst at AIG
INFO:root:Job added: Senior Actuarial & Analytics Consultant at Travelers
INFO:root:Job added: Lead Actuary (P&C) at Swiss Re
INFO:root:Job added: Senior Actuary (P&C Pricing) at Swiss Re
INFO:root:Job added: Property Pricing Actuary (P&C Pricing) at Swiss Re
INFO:root:Job added: Assistant Actuarial Analyst at Markel
INFO:root:Job added: A&H Product Development Actuary at AIG
INFO:root:Job added: Actuarial Analyst V (Risk Adjustment) at Kaiser Permanente
INFO:root:Job added: Actuarial Analyst III at Kaiser Permanente
INFO:root:Job added: Healthcare Financial & Actuarial Director at WTW
INFO:root:Job added: Financial Performance Manager (Retail Protection) at Legal & General
INFO:root:Job added: Actuarial Assistant at Hannover Re
INFO:root:Job added: Senior Consultant (Financial Services Actuary) at KPMG
INFO:root:Job added: Senior Experience Studies Actuary at Swiss Re
INFO:root:Job added: Crop Actuarial Lead at QBE
INFO:root:Job added: Actuarial Lead at MetLife
INFO:root:Job added: Healthcare Financial & Actuarial Director at WTW
INFO:root:Job added: Actuarial Assistant Manager at AIG
INFO:root:Job added: Manager Actuarial & Analytics (Personal Insurance Reserving) at Travelers
INFO:root:Job added: Statutory Reporting Actuary at Swiss Re
INFO:root:Job added: Actuarial Analyst at WTW
INFO:root:Job added: Insurance Risk Modeler at Liberty Mutual
INFO:root:Job added: Manager Actuary (Personal Lines Homeowners Topline Planning & Monitoring) at Liberty Mutual
INFO:root:Job added: Corporate Actuarial Senior Analyst at Swiss Re
INFO:root:Job added: Manager Actuarial (Asia) at QBE
INFO:root:Scraping completed.
INFO:root:Scraper script started.
INFO:root:Scraper Runner started.
INFO:root:Scraping started...
INFO:root:Found 30 job listings.
INFO:root:Job added: Actuarial Analyst at MetLife
INFO:root:Job added: Manager Actuarial Services (Risk Adjustment) at Kaiser Permanente
INFO:root:Job added: Senior Actuarial Analyst at AIG
INFO:root:Job added: Senior Actuarial & Analytics Consultant at Travelers
INFO:root:Job added: Lead Actuary (P&C) at Swiss Re
INFO:root:Job added: Senior Actuary (P&C Pricing) at Swiss Re
INFO:root:Job added: Property Pricing Actuary (P&C Pricing) at Swiss Re
INFO:root:Job added: Assistant Actuarial Analyst at Markel
INFO:root:Job added: A&H Product Development Actuary at AIG
INFO:root:Job added: Actuarial Analyst V (Risk Adjustment) at Kaiser Permanente
INFO:root:Job added: Actuarial Analyst III at Kaiser Permanente
INFO:root:Job added: Healthcare Financial & Actuarial Director at WTW
INFO:root:Job added: Financial Performance Manager (Retail Protection) at Legal & General
INFO:root:Job added: Actuarial Assistant at Hannover Re
INFO:root:Job added: Senior Consultant (Financial Services Actuary) at KPMG
INFO:root:Job added: Senior Experience Studies Actuary at Swiss Re
INFO:root:Job added: Crop Actuarial Lead at QBE
INFO:root:Job added: Actuarial Lead at MetLife
INFO:root:Job added: Actuarial Assistant Manager at AIG
INFO:root:Job added: Manager Actuarial & Analytics (Personal Insurance Reserving) at Travelers
INFO:root:Job added: Statutory Reporting Actuary at Swiss Re
INFO:root:Job added: Actuarial Analyst at WTW
INFO:root:Job added: Insurance Risk Modeler at Liberty Mutual
INFO:root:Job added: Manager Actuary (Personal Lines Homeowners Topline Planning & Monitoring) at Liberty Mutual
INFO:root:Job added: Corporate Actuarial Senior Analyst at Swiss Re
INFO:root:Job added: Manager Actuarial (Asia) at QBE
INFO:root:Scraping completed.
INFO:root:Scraping started...
INFO:root:Found 30 job listings.
INFO:root:Scraping completed.
INFO:root:Scraping started...
INFO:root:Found 30 job listings.
INFO:root:Scraping completed.
INFO:root:Scraping started...
INFO:root:Found 30 job listings.
INFO:root:Scraping completed.
INFO:root:Scraping started...
INFO:root:Scraper script started.
INFO:root:Scraper Runner started.
INFO:root:Scraping started...
INFO:root:Found 30 job listings.
INFO:root:Job added: Actuarial Analyst at MetLife
INFO:root:Job added: Manager Actuarial Services (Risk Adjustment) at Kaiser Permanente
INFO:root:Job added: Senior Actuarial Analyst at AIG
INFO:root:Job added: Senior Actuarial Analyst at AIG
INFO:root:Job added: Senior Actuarial & Analytics Consultant at Travelers
INFO:root:Job added: Lead Actuary (P&C) at Swiss Re
INFO:root:Job added: Senior Actuary (P&C Pricing) at Swiss Re
INFO:root:Job added: Property Pricing Actuary (P&C Pricing) at Swiss Re
INFO:root:Job added: Assistant Actuarial Analyst at Markel
INFO:root:Job added: A&H Product Development Actuary at AIG
INFO:root:Job added: Actuarial Analyst V (Risk Adjustment) at Kaiser Permanente
INFO:root:Job added: Actuarial Analyst III at Kaiser Permanente
INFO:root:Job added: Healthcare Financial & Actuarial Director at WTW
INFO:root:Job added: Financial Performance Manager (Retail Protection) at Legal & General
INFO:root:Job added: Financial Performance Manager (Retail Protection) at Legal & General
INFO:root:Job added: Actuarial Assistant at Hannover Re
INFO:root:Job added: Financial Performance Manager (Retail Protection) at Legal & General
INFO:root:Job added: Senior Consultant (Financial Services Actuary) at KPMG
INFO:root:Job added: Senior Experience Studies Actuary at Swiss Re
INFO:root:Job added: Crop Actuarial Lead at QBE
INFO:root:Job added: Actuarial Lead at MetLife
INFO:root:Job added: Healthcare Financial & Actuarial Director at WTW
INFO:root:Job added: Actuarial Assistant Manager at AIG
INFO:root:Job added: Manager Actuarial & Analytics (Personal Insurance Reserving) at Travelers
INFO:root:Job added: Statutory Reporting Actuary at Swiss Re
INFO:root:Job added: Actuarial Analyst at WTW
INFO:root:Job added: Insurance Risk Modeler at Liberty Mutual
INFO:root:Job added: Manager Actuary (Personal Lines Homeowners Topline Planning & Monitoring) at Liberty Mutual
INFO:root:Job added: Corporate Actuarial Senior Analyst at Swiss Re
INFO:root:Job added: Manager Actuarial (Asia) at QBE
INFO:root:Scraping completed.
INFO:root:Scraping started...
INFO:root:Found 30 job listings.
INFO:root:Scraping completed.
INFO:root:Scraper script started.
INFO:root:Scraper Runner started.
INFO:root:Scraping started...
INFO:root:Found 30 job listings.
INFO:root:Job added: Actuarial Analyst at MetLife
INFO:root:Job added: Manager Actuarial Services (Risk Adjustment) at Kaiser Permanente
INFO:root:Job added: Senior Actuarial Analyst at AIG
INFO:root:Job added: Senior Actuarial Analyst at AIG
INFO:root:Job added: Senior Actuarial & Analytics Consultant at Travelers
INFO:root:Job added: Lead Actuary (P&C) at Swiss Re
INFO:root:Job added: Senior Actuary (P&C Pricing) at Swiss Re
INFO:root:Job added: Property Pricing Actuary (P&C Pricing) at Swiss Re
INFO:root:Job added: Assistant Actuarial Analyst at Markel
INFO:root:Job added: A&H Product Development Actuary at AIG
INFO:root:Job added: Actuarial Analyst V (Risk Adjustment) at Kaiser Permanente
INFO:root:Job added: Actuarial Analyst III at Kaiser Permanente
INFO:root:Job added: Healthcare Financial & Actuarial Director at WTW
INFO:root:Job added: Financial Performance Manager (Retail Protection) at Legal & General
INFO:root:Job added: Financial Performance Manager (Retail Protection) at Legal & General
INFO:root:Job added: Actuarial Assistant at Hannover Re
INFO:root:Job added: Financial Performance Manager (Retail Protection) at Legal & General
INFO:root:Job added: Senior Consultant (Financial Services Actuary) at KPMG
INFO:root:Job added: Senior Experience Studies Actuary at Swiss Re
INFO:root:Job added: Crop Actuarial Lead at QBE
INFO:root:Job added: Actuarial Lead at MetLife
INFO:root:Job added: Healthcare Financial & Actuarial Director at WTW
INFO:root:Job added: Actuarial Assistant Manager at AIG
INFO:root:Job added: Manager Actuarial & Analytics (Personal Insurance Reserving) at Travelers
INFO:root:Job added: Statutory Reporting Actuary at Swiss Re
INFO:root:Job added: Actuarial Analyst at WTW
INFO:root:Job added: Insurance Risk Modeler at Liberty Mutual
INFO:root:Job added: Manager Actuary (Personal Lines Homeowners Topline Planning & Monitoring) at Liberty Mutual
INFO:root:Job added: Corporate Actuarial Senior Analyst at Swiss Re
INFO:root:Job added: Manager Actuarial (Asia) at QBE
INFO:root:Scraping completed.
INFO:root:Scraper script started.
INFO:root:Scraper Runner started.
INFO:root:Scraping started...
INFO:root:Found 30 job listings.
ERROR:root:Error parsing job: Entity namespace for "jobs" has no property "location"
ERROR:root:Error parsing job: Entity namespace for "jobs" has no property "location"
ERROR:root:Error parsing job: Entity namespace for "jobs" has no property "location"
ERROR:root:Error parsing job: Entity namespace for "jobs" has no property "location"
ERROR:root:Error parsing job: Entity namespace for "jobs" has no property "location"
ERROR:root:Error parsing job: Entity namespace for "jobs" has no property "location"
ERROR:root:Error parsing job: Entity namespace for "jobs" has no property "location"
ERROR:root:Error parsing job: Entity namespace for "jobs" has no property "location"
ERROR:root:Error parsing job: Entity namespace for "jobs" has no property "location"
ERROR:root:Error parsing job: Entity namespace for "jobs" has no property "location"
ERROR:root:Error parsing job: Entity namespace for "jobs" has no property "location"
ERROR:root:Error parsing job: Entity namespace for "jobs" has no property "location"
ERROR:root:Error parsing job: Entity namespace for "jobs" has no property "location"
ERROR:root:Error parsing job: Entity namespace for "jobs" has no property "location"
ERROR:root:Error parsing job: Entity namespace for "jobs" has no property "location"
ERROR:root:Error parsing job: Entity namespace for "jobs" has no property "location"
ERROR:root:Error parsing job: Entity namespace for "jobs" has no property "location"
ERROR:root:Error parsing job: Entity namespace for "jobs" has no property "location"
ERROR:root:Error parsing job: Entity namespace for "jobs" has no property "location"
ERROR:root:Error parsing job: Entity namespace for "jobs" has no property "location"
ERROR:root:Error parsing job: Entity namespace for "jobs" has no property "location"
ERROR:root:Error parsing job: Entity namespace for "jobs" has no property "location"
ERROR:root:Error parsing job: Entity namespace for "jobs" has no property "location"
ERROR:root:Error parsing job: Entity namespace for "jobs" has no property "location"
ERROR:root:Error parsing job: Entity namespace for "jobs" has no property "location"
ERROR:root:Error parsing job: Entity namespace for "jobs" has no property "location"
ERROR:root:Error parsing job: Entity namespace for "jobs" has no property "location"
ERROR:root:Error parsing job: Entity namespace for "jobs" has no property "location"
ERROR:root:Error parsing job: Entity namespace for "jobs" has no property "location"
ERROR:root:Error parsing job: Entity namespace for "jobs" has no property "location"
INFO:root:Scraping completed.
INFO:root:Scraper script started.
INFO:root:Scraper Runner started.
INFO:root:Scraping started...
INFO:root:Found 30 job listings.
INFO:root:Job added: Actuarial Analyst at MetLife
INFO:root:Job added: Manager Actuarial Services (Risk Adjustment) at Kaiser Permanente
INFO:root:Job added: Senior Actuarial Analyst at AIG
INFO:root:Job added: Senior Actuarial Analyst at AIG
INFO:root:Job added: Senior Actuarial & Analytics Consultant at Travelers
INFO:root:Job added: Lead Actuary (P&C) at Swiss Re
INFO:root:Job added: Senior Actuary (P&C Pricing) at Swiss Re
INFO:root:Job added: Property Pricing Actuary (P&C Pricing) at Swiss Re
INFO:root:Job added: Assistant Actuarial Analyst at Markel
INFO:root:Job added: A&H Product Development Actuary at AIG
INFO:root:Job added: Actuarial Analyst V (Risk Adjustment) at Kaiser Permanente
INFO:root:Job added: Actuarial Analyst III at Kaiser Permanente
INFO:root:Job added: Healthcare Financial & Actuarial Director at WTW
INFO:root:Job added: Financial Performance Manager (Retail Protection) at Legal & General
INFO:root:Job added: Financial Performance Manager (Retail Protection) at Legal & General
INFO:root:Job added: Actuarial Assistant at Hannover Re
INFO:root:Job added: Financial Performance Manager (Retail Protection) at Legal & General
INFO:root:Job added: Senior Consultant (Financial Services Actuary) at KPMG
INFO:root:Job added: Senior Experience Studies Actuary at Swiss Re
INFO:root:Job added: Crop Actuarial Lead at QBE
INFO:root:Job added: Actuarial Lead at MetLife
INFO:root:Job added: Healthcare Financial & Actuarial Director at WTW
INFO:root:Job added: Actuarial Assistant Manager at AIG
INFO:root:Job added: Manager Actuarial & Analytics (Personal Insurance Reserving) at Travelers
INFO:root:Job added: Statutory Reporting Actuary at Swiss Re
INFO:root:Job added: Actuarial Analyst at WTW
INFO:root:Job added: Insurance Risk Modeler at Liberty Mutual
INFO:root:Job added: Manager Actuary (Personal Lines Homeowners Topline Planning & Monitoring) at Liberty Mutual
INFO:root:Job added: Corporate Actuarial Senior Analyst at Swiss Re
INFO:root:Job added: Manager Actuarial (Asia) at QBE
INFO:root:Scraping completed.
INFO:root:Scraping started...
INFO:root:Found 30 job listings.
INFO:root:Scraping completed.
INFO:root:Scraping started...
INFO:root:Found 30 job listings.
INFO:root:Scraping completed.
INFO:root:Scraping started...
INFO:root:Found 30 job listings.
INFO:root:Scraping completed.
INFO:root:Scraping started...
INFO:root:Found 30 job listings.
INFO:root:Job added: Manager Actuarial Services (Risk Adjustment) at Kaiser Permanente
INFO:root:Job added: Senior Actuarial Analyst at AIG
INFO:root:Job added: Actuarial Analyst V (Risk Adjustment) at Kaiser Permanente
INFO:root:Job added: Actuarial Analyst III at Kaiser Permanente
INFO:root:Job added: Healthcare Financial & Actuarial Director at WTW
INFO:root:Scraping completed.
INFO:root:Scraping started...
INFO:root:Found 30 job listings.
INFO:root:Scraping completed.
INFO:root:Scraping started...
INFO:root:Found 30 job listings.
INFO:root:Scraping completed.
INFO:root:Scraping started...
INFO:root:Found 30 job listings.
INFO:root:Scraping completed.
INFO:root:Scraping started...
INFO:root:Found 30 job listings.
INFO:root:Scraping completed.
INFO:root:Scraping started...
INFO:root:Found 30 job listings.
INFO:root:Scraping completed.
INFO:root:Scraping started...
INFO:root:Found 30 job listings.
INFO:root:Scraping completed.
INFO:root:Scraping started...
INFO:root:Found 30 job listings.
INFO:root:Scraping completed.
INFO:root:Scraping started...
INFO:root:Found 30 job listings.
INFO:root:Scraping completed.
INFO:root:Scraping started...
INFO:root:Found 30 job listings.
INFO:root:Scraping completed.
INFO:root:Scraping started...
INFO:root:Found 30 job listings.
INFO:root:Scraping completed.
INFO:root:Scraping started...
INFO:root:Found 30 job listings.
INFO:root:Scraping completed.
INFO:root:Scraping started...
INFO:root:Found 30 job listings.
INFO:root:Scraping completed.
INFO:root:Scraping started...
INFO:root:Found 30 job listings.
INFO:root:Scraping completed.
INFO:root:Scraping started...
INFO:root:Found 30 job listings.
INFO:root:Scraping completed.
INFO:root:Scraping started...
INFO:root:Found 30 job listings.
INFO:root:Scraping completed.
INFO:root:Scraping started...
INFO:root:Found 30 job listings.
INFO:root:Scraping completed.
INFO:root:Scraping started...
INFO:root:Found 30 job listings.
INFO:root:Scraping completed.
INFO:root:Scraping started...
INFO:root:Found 30 job listings.
INFO:root:Scraping completed.
INFO:root:Scraping started...
INFO:root:Found 30 job listings.
INFO:root:Scraping completed.
INFO:root:Scraping started...
INFO:root:Found 30 job listings.
INFO:root:Scraping completed.
INFO:root:Scraping started...
INFO:root:Found 30 job listings.
INFO:root:Scraping completed.
INFO:root:Scraping started...
INFO:root:Found 30 job listings.
INFO:root:Scraping completed.
INFO:root:Scraping started...
INFO:root:Found 30 job listings.
INFO:root:Scraping completed.
INFO:root:Scraping started...
INFO:root:Found 30 job listings.
INFO:root:Scraping completed.
INFO:root:Scraping started...
INFO:root:Found 30 job listings.
INFO:root:Scraping completed.
INFO:root:Scraping started...
INFO:root:Found 30 job listings.
INFO:root:Scraping completed.
INFO:root:Scraping started...
INFO:root:Found 30 job listings.
INFO:root:Scraping completed.
INFO:root:Scraping started...
INFO:root:Found 30 job listings.
INFO:root:Scraping completed.
INFO:root:Scraping started...
INFO:root:Found 30 job listings.
INFO:root:Scraping completed.
INFO:root:Scraping started...
INFO:root:Found 30 job listings.
INFO:root:Scraping completed.
INFO:root:Scraping started...
INFO:root:Found 30 job listings.
INFO:root:Scraping completed.
INFO:root:Scraping started...
INFO:root:Found 30 job listings.
INFO:root:Scraping completed.
INFO:root:Scraping started...
INFO:root:Found 30 job listings.
INFO:root:Scraping completed.
INFO:root:Scraping started...
INFO:root:Found 30 job listings.
INFO:root:Scraping completed.
INFO:root:Scraping started...
INFO:root:Found 30 job listings.
INFO:root:Scraping completed.
INFO:root:Scraping started...
INFO:root:Found 30 job listings.
INFO:root:Scraping completed.
INFO:root:Scraping started...
INFO:root:Found 30 job listings.
INFO:root:Scraping completed.
INFO:root:Scraping started...
INFO:root:Found 30 job listings.
INFO:root:Scraping completed.
INFO:root:Scraping started...
INFO:root:Found 30 job listings.
INFO:root:Scraping completed.
INFO:root:Scraping started...
INFO:root:Found 30 job listings.
INFO:root:Scraping completed.
INFO:root:Scraping started...
INFO:root:Found 30 job listings.
INFO:root:Scraping completed.
INFO:root:Scraping started...
INFO:root:Found 30 job listings.
INFO:root:Scraping completed.
INFO:root:Scraping started...
INFO:root:Found 30 job listings.
INFO:root:Scraping completed.
INFO:root:Scraping started...
INFO:root:Found 30 job listings.
INFO:root:Scraping completed.
INFO:root:Scraping started...
INFO:root:Found 30 job listings.
INFO:root:Scraping completed.
INFO:root:Scraping started...
INFO:root:Found 30 job listings.
INFO:root:Scraping completed.
INFO:root:Scraping started...
INFO:root:Found 30 job listings.
INFO:root:Scraping completed.
INFO:root:Scraping started...
INFO:root:Found 30 job listings.
INFO:root:Scraping completed.
INFO:root:Scraping started...
INFO:root:Found 30 job listings.
INFO:root:Scraping completed.
INFO:root:Scraping started...
INFO:root:Found 30 job listings.
INFO:root:Scraping completed.
INFO:root:Scraping started...
INFO:root:Found 30 job listings.
INFO:root:Scraping completed.
INFO:root:Scraping started...
INFO:root:Found 30 job listings.
INFO:root:Scraping completed.
INFO:root:Scraping started...
INFO:root:Found 30 job listings.
INFO:root:Scraping completed.
INFO:root:Scraping started...
INFO:root:Found 30 job listings.
INFO:root:Scraping completed.
INFO:root:Scraping started...
INFO:root:Found 30 job listings.
INFO:root:Scraping completed.
INFO:root:Scraping started...
INFO:root:Found 30 job listings.
INFO:root:Scraping completed.
INFO:root:Scraping started...
INFO:root:Found 30 job listings.
INFO:root:Scraping completed.
INFO:root:Scraping started...
INFO:root:Found 30 job listings.
INFO:root:Scraping completed.
INFO:root:Scraping started...
INFO:root:Found 30 job listings.
INFO:root:Scraping completed.
INFO:root:Scraper script started.
INFO:root:Scraper Runner started.
INFO:root:Scraping started...
INFO:root:Scraper script started.
INFO:root:Scraper Runner started.
INFO:root:Scraping started...
INFO:root:Found 30 job listings on the current page.
INFO:root:Clicked on Next button to load the next page.
INFO:root:Found 30 job listings on the current page.
INFO:root:Job added: Senior Actuarial Analyst at Markel
INFO:root:Job added: Actuarial Intern at SCOR
INFO:root:Job added: Actuarial Analyst at QBE
INFO:root:Job added: AVP Actuary (Economic Value Reporting & Analysis) at SCOR
INFO:root:Job added: Corporate Actuarial Analyst (1 Year Contract) at Swiss Re
INFO:root:Job added: Senior Actuarial Manager at MetLife
INFO:root:Job added: Senior Planning & Portfolio Analytics Analyst at AIG
INFO:root:Job added: Senior Consultant Actuarial Product CMP at Travelers
INFO:root:Job added: Senior Actuary (L&H) at Munich Re
INFO:root:Job added: Data Science Actuarial Analyst at Swiss Re
INFO:root:Job added: P&C Reserving Actuary at Swiss Re
INFO:root:Job added: Actuarial Analyst at QBE
INFO:root:Job added: Commercial Pricing Actuary (Group Protection) at Legal & General
INFO:root:Job added: Qualified Actuary (Technical Service Manager) at Legal & General
INFO:root:Job added: Actuarial Analyst (Temporary Contract 8 Months) at Swiss Re
INFO:root:Job added: Senior Actuarial Manager at Liberty Mutual
INFO:root:Job added: Pricing Actuary (Cyber) at Liberty Mutual
INFO:root:Job added: Actuarial Specialist at MetLife
INFO:root:Job added: Pricing Actuary at AIG
INFO:root:Job added: Actuarial Co-op (May to August) at Travelers
INFO:root:Job added: Senior Actuarial Trainee (Investment) at Royal London
INFO:root:Job added: Director & Actuary (MetLife Resources) at MetLife
INFO:root:Job added: Actuarial Intern at SCOR
INFO:root:Job added: Senior Valuation & Reporting Actuary at Munich Re
INFO:root:Job added: Actuarial Consultant (ALDP) at UnitedHealth Group
INFO:root:Job added: Life Pricing Actuary at Munich Re
INFO:root:Clicked on Next button to load the next page.
INFO:root:Found 30 job listings on the current page.
INFO:root:Job added: Actuarial Intern (12 Month Temporary) at Swiss Re
INFO:root:Job added: Actuarial Specialist at MetLife
INFO:root:Job added: Senior Manager Actuarial & Analytics (P&C Pricing) at Travelers
INFO:root:Job added: Associate Actuary at SCOR
INFO:root:Job added: Actuarial & Advanced Analytics Manager at KPMG
INFO:root:Job added: Valuation & Reporting Actuary (Munich Re Markets) at Munich Re
INFO:root:Job added: Actuarial Analyst at Swiss Re
INFO:root:Job added: Actuarial Manager at MetLife
INFO:root:Job added: Head of Pricing (Accident & Health) at AIG
INFO:root:Job added: Head of Pricing (P&C) at AIG
INFO:root:Job added: Actuarial Intern (South Asia Data Team) at SCOR
INFO:root:Job added: Portfolio Manager (APAC) at Markel
INFO:root:Job added: Actuary (Personal Lines Specialty) at Liberty Mutual
INFO:root:Job added: Actuary (Munich Re Markets) at Munich Re
INFO:root:Job added: Portfolio Monitoring & Insights Actuary (Senior Analyst) at Swiss Re
INFO:root:Job added: Senior Actuarial Trainee at Royal London
INFO:root:Job added: Reserving Actuary (Non-Life) at Munich Re
INFO:root:Job added: Senior Actuarial Analyst (P&C Reserving) at Swiss Re
INFO:root:Job added: Portfolio Monitoring & Insights Actuary at Swiss Re
INFO:root:Job added: Trainee Pricing Actuary (Treaty) at SCOR
INFO:root:Job added: Trainee Pricing Actuary (MGA) at SCOR
INFO:root:Job added: Senior Actuarial Analyst (Group Capital) at Legal & General
INFO:root:Job added: Senior Actuarial Analyst (Group Capital) at Legal & General
INFO:root:Job added: Actuarial Analyst at Hannover Re
INFO:root:Job added: Actuarial Analyst at QBE
INFO:root:Job added: Senior Actuarial Analyst at Just
INFO:root:Job added: Actuarial Analyst (Financial Development) at SCOR
INFO:root:Job added: AVP Actuary at Hannover Re
INFO:root:Job added: Reserving Actuary at QBE
INFO:root:Clicked on Next button to load the next page.
INFO:root:Found 30 job listings on the current page.
INFO:root:Job added: AVP Actuarial at QBE
INFO:root:Job added: Actuary (Financial & Specialty Risk Analytics) at Aon
INFO:root:Job added: Senior Reporting & Reserving Actuary (12m FTC) at Munich Re
INFO:root:Job added: Director & Actuary (IL Pricing) at Munich Re
INFO:root:Job added: Director & Actuary (IL Pricing) at Munich Re
INFO:root:Job added: Regional Personal Lines Actuary (APAC) at AIG
INFO:root:Job added: Senior Actuarial Analyst (Internal Model) at Just
INFO:root:Job added: Manager Actuarial & Analytics (Specialty & Liability) at Travelers
INFO:root:Job added: Manager & Actuary (NA Model Development Valuation) at Munich Re
INFO:root:Job added: Lead Actuary (Engineering) at Swiss Re
INFO:root:Job added: Lead Actuary (Engineering) at Swiss Re
INFO:root:Job added: Senior Actuary at MetLife
INFO:root:Job added: Senior Actuary (Retail Reinsurance) at Just
INFO:root:Job added: Actuarial Analyst at WTW
INFO:root:Job added: Pricing Actuary at SCOR
INFO:root:Job added: IND Analyst I (Retirement Actuarial) at Aon
INFO:root:Job added: Longevity Actuary at Munich Re
INFO:root:Job added: Corporate Actuarial Analyst at Swiss Re
INFO:root:Job added: Head of Actuarial Transformation at Bupa
INFO:root:Job added: Head of Insurance Risk (12-Month FTC) at Direct Line Group
INFO:root:Job added: Manager Actuarial Centralized Pricing at Travelers
INFO:root:Job added: Senior Director Actuarial (Centralized Pricing) at Travelers
INFO:root:Job added: Senior Actuary (US Reporting) at SCOR
INFO:root:Job added: Corporate Actuary at Swiss Re
INFO:root:Job added: Quantitative Analyst (Internal Model) at Just
INFO:root:Job added: Lead Actuary (P&C) at Swiss Re
INFO:root:Clicked on Next button to load the next page.
INFO:root:Found 30 job listings on the current page.
INFO:root:Job added: Senior Actuarial Trainee at Royal London
INFO:root:Job added: Actuarial Pricing Analyst at Bupa
INFO:root:Job added: DB Pensions Calculation Consultant at Legal & General
INFO:root:Job added: DB Pensions Calculation Consultant at Legal & General
INFO:root:Job added: Valuation Actuary at Munich Re
INFO:root:Job added: Valuation Actuary at Munich Re
INFO:root:Job added: Chief Pricing Actuary at Munich Re
INFO:root:Job added: Actuary at Markel
INFO:root:Job added: Manager Actuarial & Analytics at Travelers
INFO:root:Job added: Senior Consultant (Actuarial & Analytics - Commercial Auto) at Travelers
INFO:root:Job added: Director Actuarial & Analytics (Commercial Auto Benchmark Lead) at Travelers
INFO:root:Job added: Actuarial Manager (Centralized Pricing) at Travelers
INFO:root:Job added: Senior Director (BSI Actuarial Centralized Pricing) at Travelers
INFO:root:Job added: Actuarial Service Associate Director/Manager (Consulting & Risk Consulting) at KPMG
INFO:root:Job added: Actuarial Manager (Asia Pacific) at QBE
INFO:root:Job added: Property Pricing Actuary (P&C) at Liberty Mutual
INFO:root:Job added: Senior Actuarial Analyst (Financial Reporting) at Global Atlantic
INFO:root:Job added: Actuarial Analyst (Group Pricing) at Just
INFO:root:Job added: AVP & Actuary (Individual Life & Longevity Pricing) at Munich Re
INFO:root:Job added: Actuarial Intern at MetLife
INFO:root:Job added: Pricing Actuary at Swiss Re
INFO:root:Job added: Actuarial Analyst at Swiss Re
INFO:root:Job added: Senior Actuarial Analyst (Corporate Reserving) at Liberty Mutual
INFO:root:Job added: Actuary at Munich Re
INFO:root:Job added: Senior Actuarial Analyst at Swiss Re
INFO:root:Job added: Director & Actuary (Individual Life & Longevity Pricing) at Munich Re
INFO:root:Job added: Product Innovation Actuary at Swiss Re
INFO:root:Job added: Director Actuarial & Analytics (Benchmark Reporting Lead) at Travelers
INFO:root:Clicked on Next button to load the next page.
INFO:root:Found 30 job listings on the current page.
INFO:root:Job added: Pricing Actuary (Protection) at Munich Re
INFO:root:Job added: Actuary Product Development at Munich Re
INFO:root:Job added: Actuary (Personal Lines Home & State Deep Dive Analytics) at Liberty Mutual
INFO:root:Job added: Manager Actuary at Liberty Mutual
INFO:root:Job added: Senior Actuarial Analyst at WTW
INFO:root:Job added: Pricing & Products Actuary (L&H) at Swiss Re
INFO:root:Job added: Actuarial Analyst (Student Role) at Swiss Re
INFO:root:Job added: Senior Pricing & Products Actuary L&H (Hybrid 80%-100%) at Swiss Re
INFO:root:Job added: Senior Pricing & Products Actuary L&H (Hybrid 80%-100%) at Swiss Re
INFO:root:Job added: Pensions Advisory Consultant (Actuarial) at KPMG
INFO:root:Job added: Pensions Advisory Assistant Manager (Actuarial) at KPMG
INFO:root:Job added: Health & Benefits Actuarial Senior Consultant at Aon
INFO:root:Job added: Manager Actuarial & Analytics (National P&C Pricing) at Travelers
INFO:root:Job added: Trainee Actuary at Travelers
INFO:root:Job added: Actuary (US Auto Analytics & State Indications) at Liberty Mutual
INFO:root:Job added: Capital Actuary Analyst (6m FTC) at Munich Re
INFO:root:Job added: APAC Regional Reserving Actuary at AIG
INFO:root:Job added: Reinsurance Actuarial Associate Director at Aon
INFO:root:Job added: Capital Modelling Lead at Direct Line Group
INFO:root:Job added: Director Corporate Actuarial at Munich Re
INFO:root:Job added: Senior Team Lead (Actuarial Experience Studies) at Swiss Re
INFO:root:Job added: Quantitative Risk Actuary at Swiss Re
INFO:root:Job added: Quantitative Risk Actuary (Hybrid) at Swiss Re
INFO:root:Job added: Quantitative Risk Actuary (Hybrid) at Swiss Re
INFO:root:Job added: Associate Actuary (L&H) at Hannover Re
INFO:root:Job added: Senior Actuarial Analyst (A&H) at AIG
INFO:root:Job added: Risk Actuary (P&C) at Hannover Re
INFO:root:Clicked on Next button to load the next page.
INFO:root:Found 30 job listings on the current page.
INFO:root:Job added: EA Actuarial Intern at SCOR
INFO:root:Job added: Actuarial Analyst (L&H Reserving) at SCOR
INFO:root:Job added: Senior Valuation Actuary (L&H) at SCOR
INFO:root:Job added: Senior Actuarial Manager at Hannover Re
INFO:root:Job added: Actuarial Analyst at WTW
INFO:root:Job added: Senior Risk Actuary (Hybrid) at Swiss Re
INFO:root:Job added: Senior Risk Actuary (Hybrid) at Swiss Re
INFO:root:Job added: Senior Actuary at Canada Life
INFO:root:Job added: Global A&H Actuarial Analyst (Accident & Health) at AIG
INFO:root:Job added: Onboarding Calculation Consultant at Legal & General
INFO:root:Job added: Actuary at MetLife
INFO:root:Job added: Senior Actuarial Analyst at WTW
INFO:root:Job added: Actuarial Analyst (80-100% Working Degree) at Swiss Re
INFO:root:Job added: Senior Actuarial Analyst at Swiss Re
INFO:root:Job added: Senior Director Actuarial Loss Analytics at Travelers
INFO:root:Job added: Senior Valuation Actuary (Korea Team) at SCOR
INFO:root:Job added: Manager P&C Actuarial at KPMG
INFO:root:Job added: Senior Vice President Actuarial/Financial (Health Solutions) at Aon
INFO:root:Job added: Actuarial Assistant at MetLife
INFO:root:Job added: Actuarial Analyst at AIG
INFO:root:Job added: Senior Actuarial Trainee (Reinsurance) at Canada Life
INFO:root:Job added: Senior Actuarial Trainee (Capital & Liquidity) at Canada Life
INFO:root:Job added: Senior Actuarial Trainee (BPA Operations) at Canada Life
INFO:root:Job added: Manager Marine Actuarial & Analytics at Travelers
INFO:root:Job added: Manager & Actuary (Financial Reinsurance) at Munich Re
INFO:root:Job added: Actuarial Associate at MetLife
INFO:root:Job added: Actuarial Analyst at Swiss Re
INFO:root:Clicked on Next button to load the next page.
INFO:root:Found 30 job listings on the current page.
INFO:root:Job added: Director Actuary (US L&H Performance) at SCOR
INFO:root:Job added: Actuary (Personal Auto State Support) at Liberty Mutual
INFO:root:Job added: Actuarial Analyst at Aon
INFO:root:Job added: Health & Benefits Actuarial Consultant/Analyst at Aon
INFO:root:Job added: Actuarial Analyst (Longevity Risk) at Legal & General
INFO:root:Job added: Senior Actuary (Capital Development) at Canada Life
INFO:root:Job added: Senior Actuarial Associate (Forecasting) at Kaiser Permanente
INFO:root:Job added: Manager Actuarial & Analytics (Loss Analytics - Auto) at Travelers
INFO:root:Job added: Actuarial Student Placement (Fixed Term Contract 2025/2026) at Travelers
INFO:root:Job added: Actuary/Senior Actuarial Analyst at Markel
INFO:root:Job added: Pensions Advisory Consultant (DB Actuarial) at KPMG
INFO:root:Job added: Head of Reinsurance Reserving at Markel
INFO:root:Job added: Reporting Actuary at Bupa
INFO:root:Job added: Actuary at Munich Re
INFO:root:Job added: L&H Closing Actuary at SCOR
INFO:root:Job added: Insurance Risk Actuary at Liberty Mutual
INFO:root:Job added: Senior Actuarial Manager at MetLife
INFO:root:Job added: P&C Reserving Actuarial Analyst (Hybrid) at Swiss Re
INFO:root:Job added: Actuarial Analyst (Affinity) at WTW
INFO:root:Job added: Senior Actuarial Analyst (Data Management) at Global Atlantic
INFO:root:Job added: Associate Actuary (Actuarial Modeling) at Global Atlantic
INFO:root:Job added: Associate Actuarial Modeling at Global Atlantic
INFO:root:Job added: Associate Actuary (CFT) at Global Atlantic
INFO:root:Job added: Senior Actuarial Analyst (Data Management) at Global Atlantic
INFO:root:Job added: Associate Actuary (CFT) at Global Atlantic
INFO:root:Clicked on Next button to load the next page.
INFO:root:Found 30 job listings on the current page.
INFO:root:Job added: Actuarial Analyst at WTW
INFO:root:Job added: L&H Pricing Actuary at SCOR
INFO:root:Job added: Senior Actuarial Analyst (Collateral & Reinsurance Management) at Legal & General
INFO:root:Job added: Senior Data & Actuarial Analyst (Health Insurance) at Munich Re
INFO:root:Job added: Corporate Actuarial Analyst (P&C) at Swiss Re
INFO:root:Job added: Actuarial Intern at SCOR
INFO:root:Job added: Senior Consultant (Actuarial & Analytics) at Travelers
INFO:root:Job added: Actuary at NFU Mutual
INFO:root:Job added: Actuarial Analyst (L&H Pricing) at Munich Re
INFO:root:Job added: Actuarial Analyst (Reporting & Analysis) at Just
INFO:root:Job added: VP Corporate Systems Actuarial & Treasury at MetLife
INFO:root:Job added: Actuarial Associate (Valuation) at Global Atlantic
INFO:root:Job added: Director of Actuarial & Consulting at Isio
INFO:root:Job added: Actuary (Structured Solutions SEA) at Munich Re
INFO:root:Job added: Senior Actuary (Structuring & ALM Strategic Programmes) at Canada Life
INFO:root:Job added: Actuary (Structuring & ALM) at Canada Life
INFO:root:Job added: Senior Actuarial Manager (IFRS) at SCOR
INFO:root:Job added: Actuarial Analyst V at Kaiser Permanente
INFO:root:Job added: Performance Actuary (L&H) at SCOR
INFO:root:Job added: Actuarial Services Intern at Kaiser Permanente
INFO:root:Job added: Actuarial Analyst V at Kaiser Permanente
INFO:root:Job added: Senior Actuarial Consultant at MetLife
INFO:root:Job added: Pricing Analyst (Actuary) at Munich Re
INFO:root:Job added: AVP Actuarial at QBE
INFO:root:Job added: Senior Actuarial Consultant at MetLife
INFO:root:Job added: Off-Cycle Actuarial Internship 2025 (May 2025 - Dec 2025) at KPMG
INFO:root:Job added: Mid-Year Internship 2025 (Actuarial Consulting) at KPMG
INFO:root:Job added: Graduate Consulting Actuarial (Autumn 2025) at KPMG
INFO:root:Clicked on Next button to load the next page.
INFO:root:Found 30 job listings on the current page.
INFO:root:Job added: Graduate Actuarial Consultant (Autumn 2025) at KPMG
INFO:root:Job added: Graduate Consulting Actuary (Autumn 2025) at KPMG
INFO:root:Job added: Valuation Actuary at SCOR
INFO:root:Job added: Director Actuarial & Analytics at Travelers
INFO:root:Job added: Senior Actuarial Analyst (Small Commercial P&C) at Liberty Mutual
INFO:root:Job added: Actuary at Markel
INFO:root:Job added: Transformation Actuary at Legal & General
INFO:root:Job added: Senior IFRS Actuarial Analyst (Hybrid) at Swiss Re
INFO:root:Job added: Actuarial Consultant (L&H) at WTW
INFO:root:Job added: Senior Consultant (Non-Life Actuarial & Reserving) at Deloitte
INFO:root:Job added: DB Reinsurance Actuary at Just
INFO:root:Job added: Actuarial Pricing Manager at WTW
INFO:root:Job added: Actuarial Analyst at Liberty Mutual
INFO:root:Job added: Onboarding Calculation Consultant at Legal & General
INFO:root:Job added: Senior Actuarial Analyst at AIG
INFO:root:Job added: Head of Actuarial (Professional Lines) at Markel
INFO:root:Job added: Actuarial Analyst (L&H) at WTW
INFO:root:Job added: Actuary at Swiss Re
INFO:root:Job added: Product Actuary (Employee Benefits Products) at MetLife
INFO:root:Job added: Actuarial Lead at MetLife
INFO:root:Job added: Manager Actuarial Services at Imagine Pediatrics
INFO:root:Job added: Longevity Risk Actuary at Just
INFO:root:Job added: Actuarial Analyst (Analytics) at Aon
INFO:root:Job added: Associate Actuarial Analyst (L&H) at Hannover Re
INFO:root:Job added: DB Transaction Solutions Senior Analyst at Just
INFO:root:Job added: Lead Actuary at QBE
INFO:root:Job added: Actuarial Intern (P&C) at Munich Re
INFO:root:Clicked on Next button to load the next page.
INFO:root:Found 30 job listings on the current page.
INFO:root:Job added: Reinsurance Actuarial Senior Analyst at Aon
INFO:root:Job added: Pricing Actuary (Lifetime Mortgages) at Legal & General
INFO:root:Job added: Head of Global Reinsurance Reserving at Markel
INFO:root:Job added: Actuarial Analyst V (P&C) at Kaiser Permanente
INFO:root:Job added: Reserving Actuary at AIG
INFO:root:Job added: AVP Longevity Pricing Actuary at SCOR
INFO:root:Job added: Consultant Actuarial & Analytics at Travelers
INFO:root:Job added: Commercial Director (Retail Annuities) at Legal & General
INFO:root:Job added: Actuary (RIS Pricing Models) at MetLife
INFO:root:Job added: Actuarial Analyst at MetLife
INFO:root:Job added: Actuarial Analyst (Workers Comp & Corporate Accounts) at AIG
INFO:root:Job added: Senior Actuarial Associate at Kaiser Permanente
INFO:root:Job added: Actuarial Consultant at Aon
INFO:root:Job added: Junior Actuary at MetLife
INFO:root:Job added: Actuary (Annuity Reinsurance) at MetLife
INFO:root:Job added: Actuary (Pricing) at Argo Group
INFO:root:Job added: Actuary (Pricing) at Argo Group
INFO:root:Job added: Actuary (Pricing) at Argo Group
INFO:root:Job added: Actuary (Pricing) at Argo Group
INFO:root:Job added: Actuary (Pricing) at Argo Group
INFO:root:Job added: Actuarial Consultant (Affinity) at WTW
INFO:root:Job added: Actuarial Analyst at UnitedHealth Group
INFO:root:Job added: Commercial Director (Group Protection) at Legal & General
INFO:root:Job added: Senior Actuary (Risk Team) at Canada Life
INFO:root:Job added: Junior Actuarial Consultant at MetLife
INFO:root:Job added: Junior Actuarial Analyst at WTW
INFO:root:Clicked on Next button to load the next page.
INFO:root:Found 30 job listings on the current page.
INFO:root:Job added: Actuarial Graduate Apprenticeship (Level 7) at Direct Line Group
INFO:root:Job added: ALM Modelling Actuary (Structured Asset Solutions) at SCOR
INFO:root:Job added: Senior Actuarial Analyst at AIG
INFO:root:Job added: Actuary (P&C Pricing) at AIG
INFO:root:Job added: Pricing Actuary at Hannover Re
INFO:root:Job added: Senior Risk Manager (Finance FTC 6m) at Direct Line Group
INFO:root:Job added: Actuarial Consultant (Remote) at UnitedHealth Group
INFO:root:Job added: Global Senior A&H Actuary (Pricing & Portfolio Management) at AIG
INFO:root:Job added: Divisional Actuarial Manager at Markel
INFO:root:Job added: Actuarial Reserving Analyst at AIG
INFO:root:Job added: Actuarial Reserving Intern (4-6 Months) at Swiss Re
INFO:root:Job added: Senior Consultant Actuarial & Analytics at Travelers
INFO:root:Job added: Senior Finance Analyst (Claims Finance) at Direct Line Group
INFO:root:Job added: DB Transaction Solutions Manager at Just
INFO:root:Job added: Associate Actuary (Health) at Allstate
INFO:root:Job added: Actuarial Manager (Health) at Allstate
INFO:root:Job added: Pricing Analyst at AIG
INFO:root:Job added: Director of Risk Management (Capital) at Transamerica
INFO:root:Job added: Senior Actuary at Allianz
INFO:root:Job added: Aviation Actuary Intern (6 months) at Swiss Re
INFO:root:Job added: Actuarial Analyst (Health) at Milliman
INFO:root:Job added: Actuarial Intern (Summer 2025) at Milliman
INFO:root:Job added: Senior Consultant (Non-Life Actuarial Pricing & Underwriting Transformation) at Deloitte
INFO:root:Job added: Senior Consultant (Non-Life Actuarial & Capital Modelling) at Deloitte
INFO:root:Job added: Director of Risk Management (Capital) at Aegon
INFO:root:Job added: Associate Director Actuarial Data Tools & Studies at UnitedHealth Group
INFO:root:Clicked on Next button to load the next page.
INFO:root:Found 30 job listings on the current page.
INFO:root:Job added: Senior Marketing Actuary at Munich Re
INFO:root:Job added: Senior Reinsurance Actuary at Ledger Investing
INFO:root:Job added: Graduate Actuarial Analyst at QBE
INFO:root:Job added: Director & Actuary I at Elevance Health
INFO:root:Job added: Senior A&H Actuary (Pricing & Portfolio Management) at AIG
INFO:root:Job added: Senior Manager Non-Life Actuarial (Pricing & Underwriting Transformation) at Deloitte
INFO:root:Job added: Aviation Actuary Intern (Hybrid) at Swiss Re
INFO:root:Job added: Actuarial Model Data Engineer at Direct Line Group
INFO:root:Job added: Senior Actuary (IAS19) at Aon
INFO:root:Job added: Senior Python Developer (Rater Delivery) at AIG
INFO:root:Job added: Head of Actuarial Digital Solutions (L&H) at Munich Re
INFO:root:Job added: Pricing Actuary/Modeler (Commercial Lines) at Liberty Mutual
INFO:root:Job added: Actuarial Consultant at MetLife
INFO:root:Job added: Actuarial Analyst III at Elevance Health
INFO:root:Job added: Lead Director Actuarial at CVS Health
INFO:root:Job added: Associate Actuary at Humana
INFO:root:Job added: Actuarial Analyst I at Munich Re
INFO:root:Job added: Senior Actuarial Analyst at CVS Health
INFO:root:Job added: Actuarial Analyst I at Kaiser Permanente
INFO:root:Job added: Director Actuarial Services at Molina Healthcare
INFO:root:Job added: Actuarial Analyst (IntelliScript) at Milliman
INFO:root:Job added: Actuarial Analyst Intern at Allianz
INFO:root:Job added: Healthcare Actuarial Analyst at WTW
INFO:root:Job added: Global Risk Solutions Actuarial Analyst at Liberty Mutual
INFO:root:Job added: Government Health Actuary Manager at Deloitte
INFO:root:Job added: Actuarial Analyst (EB Consulting) at Milliman
INFO:root:Job added: Associate Actuary (ALM & Capital Modeling) at MassMutual Ascend
INFO:root:Clicked on Next button to load the next page.
INFO:root:Found 30 job listings on the current page.
INFO:root:Job added: Actuarial Analyst (Chief Actuary Team) at Just
INFO:root:Job added: Reinsurance Actuarial Intern (Early Careers) at Aon
INFO:root:Job added: BPA Senior Actuarial Analyst at Canada Life
INFO:root:Job added: Actuarial Internship (Summer 2025) at Elevance Health
INFO:root:Job added: Actuarial Director at Elevance Health
INFO:root:Job added: Actuarial Analyst II at Elevance Health
INFO:root:Job added: Actuarial Analyst I at Kaiser Permanente
INFO:root:Job added: Pricing Actuary (80-100% Working Degree Hybrid) at Swiss Re
INFO:root:Job added: Actuarial Analyst II (Data Science Focus) at Munich Re
INFO:root:Job added: Actuarial Pricing Manager at AIG
INFO:root:Job added: Senior Actuarial Analyst at Liberty Mutual
INFO:root:Job added: Actuary (Auto Mobility Analytics) at Liberty Mutual
INFO:root:Job added: Manager Actuary at Liberty Mutual
INFO:root:Job added: AI Data Scientist (Pricing) at Lemonade
INFO:root:Job added: Actuarial Data Engineer at Munich Re
INFO:root:Job added: Actuary (EB Consulting) at Milliman
INFO:root:Job added: Actuarial Analyst (EB Consulting) at Milliman
INFO:root:Job added: Actuary (FSA Medicaid) at Milliman
INFO:root:Job added: Senior Actuarial Analyst at Allianz
INFO:root:Job added: Actuarial Analyst (EB Consulting) at Milliman
INFO:root:Job added: Actuarial Consultant (Actuarial Services Team) at MetLife
INFO:root:Job added: Manager Actuarial & Analytics (Liability Pricing) at Travelers
INFO:root:Job added: Actuarial Consultant at MetLife
INFO:root:Job added: Actuary at Just
INFO:root:Job added: Actuarial Analyst (P&C) at WTW
INFO:root:Job added: Finance Valuation Actuarial Analyst (Hybrid) at Swiss Re
INFO:root:Clicked on Next button to load the next page.
INFO:root:Found 30 job listings on the current page.
INFO:root:Job added: Senior Actuary (Technical Professional I/II) at Liberty Mutual
INFO:root:Job added: Actuary or Sr ERM Consultant (Capital Modeling) at Liberty Mutual
INFO:root:Job added: Actuarial Consultant (Actuarial Services Team) at MetLife
INFO:root:Job added: Associate Actuary (Commercial) at Kaiser Permanente
INFO:root:Job added: Actuary Services Intern at Kaiser Permanente
INFO:root:Job added: Actuarial Analyst I at Berkley
INFO:root:Job added: Actuarial Technician at Berkley
INFO:root:Job added: Actuary at Berkley
INFO:root:Job added: Actuarial Analyst (P&C) at WTW
INFO:root:Job added: P&C Reserving Actuary at Swiss Re
INFO:root:Job added: Actuarial Manager (L&H) at Grant Thornton
INFO:root:Job added: Senior Actuarial Trainee (ALM) at Canada Life
INFO:root:Job added: Actuarial Associate (1 Year Contract) at MetLife
INFO:root:Job added: Head of MAP Management & Optimisation at Just
INFO:root:Job added: Director Actuary at Liberty Mutual
INFO:root:Job added: Director Actuarial & Analytics (PI Auto Pricing) at Travelers
INFO:root:Job added: Actuary (ALM Front Office) at Canada Life
INFO:root:Job added: Reporting Actuary at Swiss Re
INFO:root:Job added: AVP Team Manager MPL at Hiscox
INFO:root:Job added: Actuarial Analyst at QBE
INFO:root:Job added: Underwriting Risk Model Lead at Liberty Mutual
INFO:root:Job added: Pricing Actuary (Hybrid) at Swiss Re
INFO:root:Job added: Actuarial & Consulting Apprenticeship (2025 Intake) at Isio
INFO:root:Job added: Actuarial & Consulting Apprenticeship (2025 Intake) at Isio
INFO:root:Job added: Actuarial & Consulting Apprenticeship (2025 Intake) at Isio
INFO:root:Clicked on Next button to load the next page.
INFO:root:Found 30 job listings on the current page.
INFO:root:Job added: Actuarial Services Intern at Kaiser Permanente
INFO:root:Job added: Actuarial Analyst I at Munich Re
INFO:root:Job added: Manager Actuarial & Analytics (Select Auto) at Travelers
INFO:root:Job added: Senior Manager (Banking Financial Resource Management) at Deloitte
INFO:root:Job added: Consultant Actuarial & Analytics (P&C Insurance) at Travelers
INFO:root:Job added: Senior Consultant (Banking Financial Resource Management) at Deloitte
INFO:root:Job added: Portfolio Management Lead at Direct Line Group
INFO:root:Job added: Actuarial Intern at Travelers
INFO:root:Job added: Senior Manager Actuarial & Analytics at Travelers
INFO:root:Job added: Director Actuarial & Analytics (BI Actuarial Product CMP) at Travelers
INFO:root:Job added: Senior Client Manager & Pricing Actuary (Polish Language) at Swiss Re
INFO:root:Job added: Associate Pricing Actuary at Swiss Re
INFO:root:Job added: Manager Actuarial & Analytics (Select Auto) at Travelers
INFO:root:Job added: Portfolio Monitoring & Insights Actuary (Temporary Position) at Swiss Re
INFO:root:Job added: Client Manager & Pricing Actuary (Polish Language) at Swiss Re
INFO:root:Job added: Senior ERM Consultant (Capital Modeling) at Liberty Mutual
INFO:root:Job added: Lead IFRS Reporting Actuary at Swiss Re
INFO:root:Job added: Pricing Actuary (Specialty Programs) at Liberty Mutual
INFO:root:Job added: Senior Actuarial Analyst (Small Commercial State Actuarial Support) at Liberty Mutual
INFO:root:Job added: Healthcare Financial & Actuarial Director at WTW
INFO:root:Job added: Actuary (Personal Auto Countrywide Indications) at Liberty Mutual
INFO:root:Job added: Senior Actuarial Analyst (Personal Auto Liability Reserving) at Liberty Mutual
INFO:root:Job added: Senior Actuarial Analyst (Small Commercial Market Analytics) at Liberty Mutual
INFO:root:Job added: Actuary (Personal Auto Liability State Reserving) at Liberty Mutual
INFO:root:Job added: Actuarial Consultant (L&H Technology) at WTW
INFO:root:Job added: Actuary (Mobility Analytics) at Liberty Mutual
INFO:root:Job added: Senior ERM Consultant at Liberty Mutual
INFO:root:Job added: Manager Actuary (P&C Specialty Analytics) at Liberty Mutual
INFO:root:Job added: Actuarial Associate at MetLife
INFO:root:Clicked on Next button to load the next page.
INFO:root:Found 30 job listings on the current page.
INFO:root:Job added: Actuarial Analyst I (P&C) at QBE
INFO:root:Job added: Actuarial Intern (Summer 2025) at Swiss Re
INFO:root:Job added: Senior Actuary at Munich Re
INFO:root:Job added: Actuarial Analyst (6 Month Contract) at Swiss Re
INFO:root:Job added: P&C Actuarial Intern (Summer/Fall 2025) at Swiss Re
INFO:root:Job added: Actuarial Intern (Fall 2025) at Swiss Re
INFO:root:Job added: Actuary at Aon
INFO:root:Job added: Senior Actuary at Hannover Re
INFO:root:Job added: Actuarial Pricing Intern (Summer 2025) at Swiss Re
INFO:root:Job added: Senior Actuarial Analyst at MetLife
INFO:root:Job added: Actuarial Intern at Allianz
INFO:root:Job added: Senior Pricing Actuary at Allianz
INFO:root:Job added: Actuarial Analyst (AIG Risk Management) at AIG
INFO:root:Job added: Capital Management Analyst at Direct Line Group
INFO:root:Job added: Associate Actuarial Consultant (Pensions Consolidation Solutions) at Isio
INFO:root:Job added: Actuarial Analyst II at Kaiser Permanente
INFO:root:Job added: Actuarial Analyst at Aon
INFO:root:Job added: Senior Consultant Financial Solutions (Actuary with Accounting & Regulatory Focus) at Munich Re
INFO:root:Job added: Lead Actuary (Engineering & Aviation) at Swiss Re
INFO:root:Job added: Senior Actuarial Manager (Business Development L&H) at Munich Re
INFO:root:Job added: Reporting Actuary (Hybrid) at Swiss Re
INFO:root:Job added: Pricing Actuary at Swiss Re
INFO:root:Clicked on Next button to load the next page.
INFO:root:Found 30 job listings on the current page.
INFO:root:Job added: Actuarial Analyst II at Swiss Re
INFO:root:Job added: Actuarial Analyst at Swiss Re
INFO:root:Job added: Actuarial Analyst at Allianz
INFO:root:Job added: Senior Actuarial Analyst at QBE
INFO:root:Job added: Actuarial Analyst I at Kaiser Permanente
INFO:root:Job added: Actuarial Analyst (Reserving) at QBE
INFO:root:Job added: Healthcare Actuarial Analyst at WTW
INFO:root:Job added: Financial Reporting Actuary at Munich Re
INFO:root:Job added: Healthcare Financial & Actuarial Director at WTW
INFO:root:Job added: Products Actuary (Hybrid 80-100%) at Swiss Re
INFO:root:Job added: Sophomore Actuarial Mentorship Program at Aon
INFO:root:Job added: Actuarial Consultant (Assistant Manager) at Isio
INFO:root:Job added: Actuarial Analyst (L&H) at Swiss Re
INFO:root:Job added: Pricing Adequacy Lead (Core Brands) at Direct Line Group
INFO:root:Job added: Technical Pricing Data Scientist at AIG
INFO:root:Job added: Senior Actuary (Pricing) at Markel
INFO:root:Job added: Manager & Actuary (IL Pricing) at Munich Re
INFO:root:Job added: Manager & Actuary (IL Pricing) at Munich Re
INFO:root:Job added: Manager Actuarial & Analytics (Liability Pricing) at Travelers
INFO:root:Job added: Graduate Actuarial & Consulting (2025 Intake) at Isio
INFO:root:Job added: Director Actuarial & Analytics (Commercial Auto Rate Adequacy) at Travelers
INFO:root:Job added: Senior Actuary (Financial Reporting) at Canada Life
INFO:root:Job added: Actuarial Analyst III (Pharmacy) at Kaiser Permanente
INFO:root:Job added: Senior Actuarial Analyst (Pricing - Retirement & Individual Annuity) at Canada Life
INFO:root:Job added: Graduate Actuarial & Consulting (2025 Intake) at Isio
INFO:root:Job added: Business Development Director (Actuarial & Consulting) at Isio
INFO:root:Job added: Senior Actuarial Associate at Kaiser Permanente
INFO:root:Clicked on Next button to load the next page.
INFO:root:Found 30 job listings on the current page.
INFO:root:Job added: Graduate Actuarial & Consulting (2025 Intake) at Isio
INFO:root:Job added: Actuary (Accident & Health) at AIG
INFO:root:Job added: Financial Risk Manager at Direct Line Group
INFO:root:Job added: Senior Data Scientist at Direct Line Group
INFO:root:Job added: Senior Actuarial Analyst (P&C) at QBE
INFO:root:Job added: Actuary at Markel
INFO:root:Job added: Senior Regulatory Reporting Manager at Direct Line Group
INFO:root:Job added: Pricing Manager at AIG
INFO:root:Job added: Actuarial Consultant (Retirement) at WTW
INFO:root:Job added: Senior Actuarial Consultant at WTW
INFO:root:Job added: Senior Actuarial Analyst at Markel
INFO:root:Job added: Actuarial Consultant (Pensions Consolidation Solutions) at Isio
INFO:root:Job added: Actuarial Manager (Pensions Consolidation Solutions) at Isio
INFO:root:Job added: Actuarial Associate Consultant at Aon
INFO:root:Job added: Actuary (Medicare) at Kaiser Permanente
INFO:root:Job added: Actuarial Assistant at AIG
INFO:root:Job added: Pricing Actuary (L&H) at Swiss Re
INFO:root:Job added: Senior Actuary (Fixed Term Contract) at Canada Life
INFO:root:Job added: Capital Actuary at QBE
INFO:root:Job added: Actuarial Co-op (CAT Risk Management) at Travelers
INFO:root:Job added: Corporate Reserving Actuarial Intern at Munich Re
INFO:root:Job added: Actuarial Associate at Munich Re
INFO:root:Job added: Actuarial Transformation Analyst at Munich Re
INFO:root:Job added: Reserving Actuary (Non-life) at Munich Re
INFO:root:Clicked on Next button to load the next page.
INFO:root:Found 30 job listings on the current page.
INFO:root:Job added: Senior Portfolio Actuary (Team Lead P&C Analytics) at Swiss Re
INFO:root:Job added: Senior Actuarial Consultant (Capital Modeling P&C Insurance) at Aon
INFO:root:Job added: Senior Pricing Actuary (P&C) at Swiss Re
INFO:root:Job added: Actuarial Analyst (Hybrid) at Swiss Re
INFO:root:Job added: Reporting Actuary (Hybrid Role) at Swiss Re
INFO:root:Job added: Senior Portfolio Actuary (Liability Lead) at Swiss Re
INFO:root:Job added: Surety Pricing Actuary at Munich Re
INFO:root:Job added: Actuarial Analyst (Hybrid) at Swiss Re
INFO:root:Job added: Senior Manager (FRM Actuarial) at KPMG
INFO:root:Job added: Manager & Actuary (Solvency II Reporting) at Munich Re
INFO:root:Job added: Manager & Actuary (Financial Reinsurance & Annuities Valuation) at Munich Re
INFO:root:Job added: Terms of Trade Actuarial Analyst at Munich Re
INFO:root:Job added: Actuarial Analyst - Member Calculations at Just
INFO:root:Job added: Senior Actuary (Structured Solutions) at Munich Re
INFO:root:Job added: Associate Actuary at Munich Re
INFO:root:Job added: Manager & Actuary (Financial Reinsurance & Annuities Valuation) at Munich Re
INFO:root:Job added: Manager & Actuary (Solvency II Reporting) at Munich Re
INFO:root:Job added: Life Pricing Actuary (L&H) at Munich Re
INFO:root:Job added: Actuarial Consultant (Risk Settlement) at Isio
INFO:root:Job added: Actuarial Consultant (Manager) at Isio
INFO:root:Job added: Actuarial Intern at Munich Re
INFO:root:Job added: Actuarial Analyst at Swiss Re
INFO:root:Job added: Lead Actuary (Engineering & Aviation) at Swiss Re
INFO:root:Clicked on Next button to load the next page.
INFO:root:Found 30 job listings on the current page.
INFO:root:Job added: Consulting Actuarial Graduate Associate 2025 at KPMG
INFO:root:Job added: Senior Actuarial Analyst (Lexington) at AIG
INFO:root:Job added: Actuarial Analyst (Contract) at Swiss Re
INFO:root:Job added: Off-Cycle Internship 2024 (Consulting & Actuarial) at KPMG
INFO:root:Job added: Actuarial Manager (Non-Life Reserving) at KPMG
INFO:root:Job added: Actuarial Assistant Manager (Non-Life) at KPMG
INFO:root:Job added: Actuary- Reserving at Argo Group
INFO:root:Job added: DB Systems Development Analyst at Just
INFO:root:Job added: Actuary - Reserving at Argo Group
INFO:root:Job added: Lead Actuary (Engineering and Aviation) at Swiss Re
INFO:root:Job added: IFRS Actuarial Analyst (L&H) at Swiss Re
INFO:root:Job added: Senior Actuarial Analyst (Reinsurance) at Canada Life
INFO:root:Job added: Senior Actuarial Data Analyst at Munich Re
INFO:root:Job added: Senior Actuary at Hannover Re
INFO:root:Job added: Head of A&H Product Development at AIG
INFO:root:Job added: Reinsurance Actuarial Analyst at Aon
INFO:root:Job added: Senior Actuarial Analyst (R&D) at Swiss Re
INFO:root:Job added: Senior Actuarial Analyst (R&D) at Swiss Re
INFO:root:Job added: Portfolio Monitoring & Insights Actuary at Swiss Re
INFO:root:Job added: Senior Actuarial Analyst at Allianz
INFO:root:Job added: Director Actuarial & Analytics at Travelers
INFO:root:Job added: Actuarial Analyst at Bupa
INFO:root:Job added: Actuarial Analyst at AIG
INFO:root:Job added: Senior Actuarial Analyst (P&C) at AIG
INFO:root:Job added: Actuarial Intern at Munich Re
INFO:root:Clicked on Next button to load the next page.
INFO:root:Found 30 job listings on the current page.
INFO:root:Job added: Product Pricing Manager (Insurance) at Berkley
INFO:root:Job added: Senior Actuarial Analyst (Corporate) at Swiss Re
INFO:root:Job added: Associate Actuary (Reinsurance) at Transamerica
INFO:root:Job added: Senior Actuarial Advisor (Dental) at Cigna
INFO:root:Job added: Senior Actuarial Analyst at Swiss Re
INFO:root:Job added: Actuarial Analyst I (Fin & Risk Mgmt L&H) at Swiss Re
INFO:root:Job added: Associate Director & Actuary (Actuarial Product Support & Implementation) at Corebridge Financial
INFO:root:Job added: Internal Control Assurance Manager (P&C or L&H Actuary) at Swiss Re
INFO:root:Job added: Associate Actuarial Analyst at Swiss Re
INFO:root:Job added: Actuary at Swiss Re
INFO:root:Job added: Associate Actuary (Medicare Pricing) at Humana
INFO:root:Job added: Actuary (Reserving) at Argo Group
INFO:root:Job added: Actuarial Associate II at Swiss Re
INFO:root:Job added: Actuary (Reserving) at Argo Group
